<testsuites id="" name="" tests="9" failures="0" skipped="0" errors="0" time="82.9253">
<testsuite name="sgwCalculator.test.js" timestamp="2025-02-14T05:29:10.549Z" hostname="Chrome" tests="9" failures="0" skipped="0" time="81.788" errors="0">
<testcase name="Verify Cash Assurance Payout is not displayed for age &lt;20" classname="sgwCalculator.test.js" time="8.614">
</testcase>
<testcase name="Verify payout for user with 0-1 property and income ≤ $22,000" classname="sgwCalculator.test.js" time="9.737">
<system-out>
<![CDATA[Payout validated successfully!$600
Payout validated successfully!$250
]]>
</system-out>
</testcase>
<testcase name="Verify payout for user with 0-1 property and income  $22,001 - $34,000" classname="sgwCalculator.test.js" time="8.805">
<system-out>
<![CDATA[Payout validated successfully!$600
Payout validated successfully!$250
]]>
</system-out>
</testcase>
<testcase name="Verify payout for user with 0-1 property and income $34,001 - $100,000" classname="sgwCalculator.test.js" time="8.694">
<system-out>
<![CDATA[Payout validated successfully!$350
Payout validated successfully!$150
]]>
</system-out>
</testcase>
<testcase name="Verify payout for user with 0-1 property and income &gt; $100,000" classname="sgwCalculator.test.js" time="9.691">
<system-out>
<![CDATA[Payout validated successfully!$100
Payout validated successfully!$100
]]>
</system-out>
</testcase>
<testcase name="Verify payout for user with &gt;1 property and income ≤ $22,000" classname="sgwCalculator.test.js" time="9.621">
<system-out>
<![CDATA[Payout validated successfully!$100
Payout validated successfully!$100
]]>
</system-out>
</testcase>
<testcase name="Verify payout for user with more than 1 property and income $22,001 - $34,000" classname="sgwCalculator.test.js" time="8.605">
<system-out>
<![CDATA[Payout validated successfully!$100
Payout validated successfully!$100
]]>
</system-out>
</testcase>
<testcase name="Verify payout for user with more than 1 property, Income $34,001 - $100,000" classname="sgwCalculator.test.js" time="8.536">
<system-out>
<![CDATA[Payout validated successfully!$100
Payout validated successfully!$100
]]>
</system-out>
</testcase>
<testcase name="Verify payout for user with &gt;1 property and income &gt; $100,000" classname="sgwCalculator.test.js" time="9.485">
<system-out>
<![CDATA[Payout validated successfully!$100
Payout validated successfully!$100
]]>
</system-out>
</testcase>
</testsuite>
</testsuites>